    source name: windows
hypervisor type: kvm
       VM genid: 
         memory: 1073741824 (bytes)
       nr vCPUs: 64
     CPU vendor: Intel
      CPU model: Broadwell
   CPU topology: sockets: 4 cores/socket: 8 threads/core: 2
   CPU features: acpi,apic,pae
       firmware: unknown
        display: 
          sound: 
disks:
	0 [virtio-blk]
removable media:
NICs:
	Network "default" mac: 00:11:22:33:44:55 [virtio]
