
Source guest information (--print-source option):

    source name: Fedora 20
hypervisor type: vmware
       VM genid: 
         memory: 2147483648 (bytes)
       nr vCPUs: 1
     CPU vendor: 
      CPU model: 
   CPU topology: 
   CPU features: 
       firmware: bios
        display: 
          sound: 
disks:
	0 [scsi]
removable media:

NICs:
	Network "VM Network" mac: 00:50:56:9b:5f:0d [vmxnet3]

