<?xml version='1.0' encoding='utf-8'?>
<ovf:Envelope xmlns:rasd='http://schemas.dmtf.org/wbem/wscim/1/cim-schema/2/CIM_ResourceAllocationSettingData' xmlns:vssd='http://schemas.dmtf.org/wbem/wscim/1/cim-schema/2/CIM_VirtualSystemSettingData' xmlns:xsi='http://www.w3.org/2001/XMLSchema-instance' xmlns:ovf='http://schemas.dmtf.org/ovf/envelope/1/' xmlns:ovirt='http://www.ovirt.org/ovf' ovf:version='0.9'>
  <!-- generated by virt-v2v -->
  <References>
    <File ovf:href='#DISK_ID#/#VOL_ID#' ovf:id='#VOL_ID#' ovf:description='generated by virt-v2v' ovf:size='#SIZE#'/>
  </References>
  <Section xsi:type='ovf:NetworkSection_Type'>
    <Info>List of networks</Info>
    <Network ovf:name='default'/>
  </Section>
  <Section xsi:type='ovf:DiskSection_Type'>
    <Info>List of Virtual Disks</Info>
    <Disk ovf:diskId='#VOL_ID#' ovf:size='1' ovf:capacity='536870912' ovf:fileRef='#DISK_ID#/#VOL_ID#' ovf:parentRef='' ovf:vm_snapshot_id='#UUID#' ovf:volume-format='RAW' ovf:volume-type='Sparse' ovf:format='http://en.wikipedia.org/wiki/Byte' ovf:disk-interface='VirtIO' ovf:disk-type='System' ovf:boot='True' ovf:actual_size='1'/>
  </Section>
  <Content ovf:id='out' xsi:type='ovf:VirtualSystem_Type'>
    <Name>windows</Name>
    <TemplateId>00000000-0000-0000-0000-000000000000</TemplateId>
    <TemplateName>Blank</TemplateName>
    <Description>generated by virt-v2v</Description>
    <Domain/>
    <CreationDate>#DATE#</CreationDate>
    <IsInitilized>True</IsInitilized>
    <IsAutoSuspend>False</IsAutoSuspend>
    <TimeZone/>
    <IsStateless>False</IsStateless>
    <VmType>1</VmType>
    <DefaultDisplayType>2</DefaultDisplayType>
    <BiosType>1</BiosType>
    <Section ovf:id='#VM_ID#' ovf:required='false' xsi:type='ovf:OperatingSystemSection_Type'>
      <Info>Windows Server 2022 Phony Edition</Info>
      <Description>windows_2022</Description>
    </Section>
    <Section xsi:type='ovf:VirtualHardwareSection_Type'>
      <Info>1 CPU, 1024 Memory</Info>
      <Item>
        <rasd:Caption>1 virtual cpu</rasd:Caption>
        <rasd:Description>Number of virtual CPU</rasd:Description>
        <rasd:InstanceId>1</rasd:InstanceId>
        <rasd:ResourceType>3</rasd:ResourceType>
        <rasd:num_of_sockets>1</rasd:num_of_sockets>
        <rasd:cpu_per_socket>1</rasd:cpu_per_socket>
      </Item>
      <Item>
        <rasd:Caption>1024 MB of memory</rasd:Caption>
        <rasd:Description>Memory Size</rasd:Description>
        <rasd:InstanceId>2</rasd:InstanceId>
        <rasd:ResourceType>4</rasd:ResourceType>
        <rasd:AllocationUnits>MegaBytes</rasd:AllocationUnits>
        <rasd:VirtualQuantity>1024</rasd:VirtualQuantity>
      </Item>
      <Item>
        <rasd:Caption>USB Controller</rasd:Caption>
        <rasd:InstanceId>3</rasd:InstanceId>
        <rasd:ResourceType>23</rasd:ResourceType>
        <rasd:UsbPolicy>Disabled</rasd:UsbPolicy>
      </Item>
      <Item>
        <rasd:Caption>Graphical Controller</rasd:Caption>
        <rasd:InstanceId>#UUID#</rasd:InstanceId>
        <rasd:ResourceType>20</rasd:ResourceType>
        <Type>video</Type>
        <rasd:VirtualQuantity>1</rasd:VirtualQuantity>
        <Device>vga</Device>
      </Item>
      <Item>
        <rasd:Caption>RNG Device</rasd:Caption>
        <rasd:InstanceId>#UUID#</rasd:InstanceId>
        <rasd:ResourceType>0</rasd:ResourceType>
        <Type>rng</Type>
        <Device>virtio</Device>
        <SpecParams>
          <source>urandom</source>
        </SpecParams>
      </Item>
      <Item>
        <rasd:Caption>Memory Ballooning Device</rasd:Caption>
        <rasd:InstanceId>#UUID#</rasd:InstanceId>
        <rasd:ResourceType>0</rasd:ResourceType>
        <Type>balloon</Type>
        <Device>memballoon</Device>
        <SpecParams>
          <model>virtio</model>
        </SpecParams>
      </Item>
      <Item>
        <rasd:Caption>Drive 1</rasd:Caption>
        <rasd:InstanceId>#VOL_ID#</rasd:InstanceId>
        <rasd:ResourceType>17</rasd:ResourceType>
        <Type>disk</Type>
        <rasd:HostResource>#DISK_ID#/#VOL_ID#</rasd:HostResource>
        <rasd:Parent>00000000-0000-0000-0000-000000000000</rasd:Parent>
        <rasd:Template>00000000-0000-0000-0000-000000000000</rasd:Template>
        <rasd:ApplicationList/>
        <rasd:StorageId>12345678-1234-1234-1234-123456789abc</rasd:StorageId>
        <rasd:StoragePoolId>00000000-0000-0000-0000-000000000000</rasd:StoragePoolId>
        <rasd:CreationDate>#DATE#</rasd:CreationDate>
        <rasd:LastModified>#DATE#</rasd:LastModified>
        <rasd:last_modified_date>#DATE#</rasd:last_modified_date>
        <BootOrder>1</BootOrder>
      </Item>
      <Item>
        <rasd:InstanceId>#UUID#</rasd:InstanceId>
        <rasd:Caption>Ethernet adapter on default</rasd:Caption>
        <rasd:ResourceType>10</rasd:ResourceType>
        <rasd:ResourceSubType>3</rasd:ResourceSubType>
        <Type>interface</Type>
        <rasd:Connection>default</rasd:Connection>
        <rasd:Name>eth0</rasd:Name>
        <rasd:MACAddress>00:11:22:33:44:55</rasd:MACAddress>
      </Item>
    </Section>
  </Content>
</ovf:Envelope>
