    <disk type='file' device='disk'>
      <driver name='qemu' type='raw'/>
      <target dev='vda' bus='virtio'/>
    </disk>
    <disk device='cdrom' type='file'>
      <driver name='qemu' type='raw'/>
      <target dev='sdc' bus='sata'/>
    </disk>
