
Source guest information (--print-source option):

    source name: Windows 7 x64
hypervisor type: vmware
       VM genid: 
         memory: 2147483648 (bytes)
       nr vCPUs: 1
     CPU vendor: 
      CPU model: 
   CPU topology: 
   CPU features: 
       firmware: bios
        display: 
          sound: 
disks:
	0 [scsi]
removable media:
	CD-ROM [ide] in slot 2
NICs:
	Network "VM Network" mac: 00:0c:29:94:89:23 [e1000]

