---
# generated by virt-v2v
apiVersion: kubevirt.io/v1
kind: VirtualMachine
metadata:
  name: test
  labels:
    libguestfs.org/virt-v2v-version: 
    libguestfs.org/osinfo: fedora14
    libguestfs.org/source: test
spec:
  template:
    spec:
      domain:
        firmware:
          bootloader:
            bios: {}
        resources:
          requests:
            memory: 1024Mi
          features: {}
        cpu:
          cores: 1
        devices:
          useVirtioTransitional: true
          disks:
          - disk:
              bus: virtio
            bootOrder: 1
            name: disk-0
      volumes:
      - hostDisk:
          path: test-sda
          type: Disk
        name: disk-0
      terminationGracePeriodSeconds: 0
