---
# generated by virt-v2v
apiVersion: kubevirt.io/v1
kind: VirtualMachine
metadata:
  name: test
  labels:
    libguestfs.org/virt-v2v-version: 
    libguestfs.org/osinfo: win7
    libguestfs.org/source: test
spec:
  template:
    spec:
      domain:
        os:
          firmware: bios
        resources:
          clock:
            timer:
              hpet:
                present: false
              hyperv: {}
              pit:
                tickPolicy: delay
              rtc:
                tickPolicy: catchup
            utc: {}
          requests:
            memory: 1024Mi
          features:
        cpu:
          cores: 1
        devices:
          rng: {}
          disks:
          - disk:
              bus: virtio
            name: disk-0
          interfaces:
          - name: net_default
            masquerade: {}
            macAddress: 00:11:22:33:44:55
            model: virtio
      volumes:
      - hostDisk:
          path: test-sda
          type: Disk
        name: disk-0
      networks:
      - networkName: default
        name: net_default
      terminationGracePeriodSeconds: 0
