Source guest information (--print-source option):

    source name: 2K8R2EESP1_2_Medium
hypervisor type: vmware
       VM genid: 
         memory: 1073741824 (bytes)
       nr vCPUs: 1
     CPU vendor: 
      CPU model: 
   CPU topology: 
   CPU features: 
       firmware: bios
        display: 
          sound: 
disks:
	0 [scsi]
removable media:
	CD-ROM [ide] in slot 0
NICs:
	Bridge "PG-VLAN60" [e1000]

