
Source guest information (--print-source option):

    source name: RHEL 7.1 UEFI
hypervisor type: vmware
       VM genid: 
         memory: 2147483648 (bytes)
       nr vCPUs: 1
     CPU vendor: 
      CPU model: 
   CPU topology: 
   CPU features: 
       firmware: uefi
        display: 
          sound: 
disks:
	0 [scsi]
removable media:
	CD-ROM [ide] in slot 2
NICs:
	Network "VM Network" mac: 00:0c:29:4b:2b:8c [vmxnet3]

